Dump	check_options
Return	Empty options string not allowed!
Return	
Return	
Return	
Return	
Return	Wrong option:  bg
Return	Wrong option: unknownoption
Return	Wrong option: unknownassignment
Return	Empty value for option: rsize
Return	Wrong option: two
Dump	CheckHostName
Return	true
Return	false
Return	false
Return	false
