Dump	FstabTableItems
Return	[`item (`id (0), "foo.bar.com ", "/home ", "/home ", "nfs4", "defaults "), `item (`id (1), "foo.bar.com ", "/var/spool/mail ", "/var/spool/mail ", "nfs", "defaults "), `item (`id (2), "foo.bar.com.tw ", "/local/install ", "/install ", "nfs", "hard,intr ")]
Dump	IsMpInFstab
Return	true
Return	true
Return	false
Dump	CheckPath
Return	false
Return	false
Return	false
Return	false
Return	true
